{"summary":{"total_edges":2,"valid_edges":0,"invalid_edges":2},"edges":[{"predecessor_lineage_id":"reconcile-predecessor","predecessor_revision":"sha256:cbe6d7dc09fa247a9432cd5cc74a594de5e1341ef8c00e1c07590a328fc66a13","successor_lineage_id":"inspect-successor-a","successor_revision":"sha256:84b9ea0b637a8c6ac8450b48c5d060be76defe860db788d241b3a5e59acb64d4","anomaly_class":"unchanged_target","validation_error":"escalated recovery successor target has not changed"},{"predecessor_lineage_id":"reconcile-predecessor","predecessor_revision":"sha256:cbe6d7dc09fa247a9432cd5cc74a594de5e1341ef8c00e1c07590a328fc66a13","successor_lineage_id":"reconcile-successor","successor_revision":"sha256:6c6bd12461e020851f602073880ac127214cdbc187ce31fb8ed09f5b94aada9f","anomaly_class":"unchanged_target","validation_error":"escalated recovery successor target has not changed"}],"diagnostics":[]}